// Jest Snapshot v1, https://goo.gl/fbAQLP

exports[`Renders correctly 1`] = `
<p
  className="MuiTypography-root MuiTypography-body1 css-ahj2mt-MuiTypography-root"
>
  This is user 
   profile
</p>
`;
